******************************************************************************
                  TI ARM Linker PC v20.2.7                     
******************************************************************************
>> Linked Mon Oct 28 14:15:46 2024

OUTPUT FILE NAME:   <Lab3.out>
ENTRY POINT SYMBOL: "_c_int00_noargs"  address: 00000991


MEMORY CONFIGURATION

         name            origin    length      used     unused   attr    fill
----------------------  --------  ---------  --------  --------  ----  --------
  FLASH                 00000000   00040000  00000a0c  0003f5f4  R  X
  SRAM                  20000000   00008000  0000021c  00007de4  RW X


SEGMENT ALLOCATION MAP

run origin  load origin   length   init length attrs members
----------  ----------- ---------- ----------- ----- -------
00000000    00000000    00000a0c   00000a0c    r-x
  00000000    00000000    0000026c   0000026c    r-- .intvecs
  0000026c    0000026c    0000077a   0000077a    r-x .text
  000009e6    000009e6    0000000a   0000000a    r-- .const
  000009f0    000009f0    0000001c   0000001c    r-- .cinit
20000000    20000000    0000021c   00000000    rw-
  20000000    20000000    00000200   00000000    rw- .stack
  20000200    20000200    0000001c   00000000    rw- .data


SECTION ALLOCATION MAP

 output                                  attributes/
section   page    origin      length       input sections
--------  ----  ----------  ----------   ----------------
.intvecs   0    00000000    0000026c     
                  00000000    0000026c     tm4c123gh6pm_startup_ccs.obj (.intvecs)

.text      0    0000026c    0000077a     
                  0000026c    00000360     Timer0A.obj (.text)
                  000005cc    000001dc     main.obj (.text)
                  000007a8    000000a0     SysTick.obj (.text)
                  00000848    0000009c     rtsv7M4_T_le_v4SPD16_eabi.lib : memcpy_t2.asm.obj (.text)
                  000008e4    00000068                                   : copy_decompress_lzss.c.obj (.text:decompress:lzss:__TI_decompress_lzss)
                  0000094c    00000044                                   : autoinit.c.obj (.text:__TI_auto_init_nobinit_nopinit:__TI_auto_init_nobinit_nopinit)
                  00000990    00000034                                   : boot_cortex_m.c.obj (.text:_c_int00_noargs:_c_int00_noargs)
                  000009c4    0000000e                                   : copy_decompress_none.c.obj (.text:decompress:none:__TI_decompress_none)
                  000009d2    0000000c     tm4c123gh6pm_startup_ccs.obj (.text)
                  000009de    00000004     rtsv7M4_T_le_v4SPD16_eabi.lib : pre_init.c.obj (.text:_system_pre_init)
                  000009e2    00000004                                   : exit.c.obj (.text:abort:abort)

.const     0    000009e6    0000000a     
                  000009e6    0000000a     Timer0A.obj (.const:.string:digitPattern)

.cinit     0    000009f0    0000001c     
                  000009f0    0000000c     (.cinit..data.load) [load image, compression = lzss]
                  000009fc    00000008     (__TI_handler_table)
                  00000a04    00000008     (__TI_cinit_table)

.init_array 
*          0    00000000    00000000     UNINITIALIZED

.data      0    20000200    0000001c     UNINITIALIZED
                  20000200    0000001c     Timer0A.obj (.data)

.stack     0    20000000    00000200     UNINITIALIZED
                  20000000    00000004     rtsv7M4_T_le_v4SPD16_eabi.lib : boot_cortex_m.c.obj (.stack)
                  20000004    000001fc     --HOLE--

__llvm_prf_cnts 
*          0    20000000    00000000     UNINITIALIZED

MODULE SUMMARY

       Module                         code   ro data   rw data
       ------                         ----   -------   -------
    .\
       Timer0A.obj                    864    10        28     
       tm4c123gh6pm_startup_ccs.obj   12     620       0      
       main.obj                       476    0         0      
       SysTick.obj                    160    0         0      
    +--+------------------------------+------+---------+---------+
       Total:                         1512   630       28     
                                                              
    D:\EGEC_450\ccs\tools\compiler\ti-cgt-arm_20.2.7.LTS\lib\rtsv7M4_T_le_v4SPD16_eabi.lib
       memcpy_t2.asm.obj              156    0         0      
       copy_decompress_lzss.c.obj     104    0         0      
       autoinit.c.obj                 68     0         0      
       boot_cortex_m.c.obj            52     0         0      
       copy_decompress_none.c.obj     14     0         0      
       exit.c.obj                     4      0         0      
       pre_init.c.obj                 4      0         0      
    +--+------------------------------+------+---------+---------+
       Total:                         402    0         0      
                                                              
       Stack:                         0      0         512    
       Linker Generated:              0      28        0      
    +--+------------------------------+------+---------+---------+
       Grand Total:                   1914   658       540    


LINKER GENERATED COPY TABLES

__TI_cinit_table @ 00000a04 records: 1, size/record: 8, table size: 8
	.data: load addr=000009f0, load size=0000000c bytes, run addr=20000200, run size=0000001c bytes, compression=lzss


LINKER GENERATED HANDLER TABLE

__TI_handler_table @ 000009fc records: 2, size/record: 4, table size: 8
	index: 0, handler: __TI_decompress_lzss
	index: 1, handler: __TI_decompress_none


GLOBAL SYMBOLS: SORTED ALPHABETICALLY BY Name 

address   name                          
-------   ----                          
000009e3  C$$EXIT                       
000005cd  GPIOPortB_Init                
0000060b  GPIOPortE_Init                
000004c9  Port_Handle                   
000009d3  ResetISR                      
0000030f  SSI2_write                    
000007a9  SysTick_Init                  
000007c5  SysTick_Wait                  
000007eb  SysTick_Wait10ms              
00000811  SysTick_Wait1ms               
0000026d  Timer0A_Init                  
000002bd  Timer0A_Wait                  
000002df  Timer0A_Wait1ms               
00000381  Timer_Handle                  
20000200  __STACK_END                   
00000200  __STACK_SIZE                  
20000200  __STACK_TOP                   
00000a04  __TI_CINIT_Base               
00000a0c  __TI_CINIT_Limit              
000009fc  __TI_Handler_Table_Base       
00000a04  __TI_Handler_Table_Limit      
0000094d  __TI_auto_init_nobinit_nopinit
000008e5  __TI_decompress_lzss          
000009c5  __TI_decompress_none          
ffffffff  __TI_pprof_out_hndl           
ffffffff  __TI_prof_data_size           
ffffffff  __TI_prof_data_start          
00000000  __TI_static_base__            
00000849  __aeabi_memcpy                
00000849  __aeabi_memcpy4               
00000849  __aeabi_memcpy8               
ffffffff  __binit__                     
ffffffff  __c_args__                    
UNDEFED   __mpu_init                    
20000000  __stack                       
20000000  __start___llvm_prf_cnts       
20000000  __stop___llvm_prf_cnts        
00000991  _c_int00_noargs               
UNDEFED   _system_post_cinit            
000009df  _system_pre_init              
000009e3  abort                         
ffffffff  binit                         
20000218  check                         
0000033f  delayMs                       
00000000  g_pfnVectors                  
20000204  i                             
00000681  main                          
00000849  memcpy                        
0000069d  sevenseg_init                 
20000200  sysClkFreq                    
20000208  x1                            
2000020c  x2                            
20000210  x3                            
20000214  x4                            


GLOBAL SYMBOLS: SORTED BY Symbol Address 

address   name                          
-------   ----                          
00000000  __TI_static_base__            
00000000  g_pfnVectors                  
00000200  __STACK_SIZE                  
0000026d  Timer0A_Init                  
000002bd  Timer0A_Wait                  
000002df  Timer0A_Wait1ms               
0000030f  SSI2_write                    
0000033f  delayMs                       
00000381  Timer_Handle                  
000004c9  Port_Handle                   
000005cd  GPIOPortB_Init                
0000060b  GPIOPortE_Init                
00000681  main                          
0000069d  sevenseg_init                 
000007a9  SysTick_Init                  
000007c5  SysTick_Wait                  
000007eb  SysTick_Wait10ms              
00000811  SysTick_Wait1ms               
00000849  __aeabi_memcpy                
00000849  __aeabi_memcpy4               
00000849  __aeabi_memcpy8               
00000849  memcpy                        
000008e5  __TI_decompress_lzss          
0000094d  __TI_auto_init_nobinit_nopinit
00000991  _c_int00_noargs               
000009c5  __TI_decompress_none          
000009d3  ResetISR                      
000009df  _system_pre_init              
000009e3  C$$EXIT                       
000009e3  abort                         
000009fc  __TI_Handler_Table_Base       
00000a04  __TI_CINIT_Base               
00000a04  __TI_Handler_Table_Limit      
00000a0c  __TI_CINIT_Limit              
20000000  __stack                       
20000000  __start___llvm_prf_cnts       
20000000  __stop___llvm_prf_cnts        
20000200  __STACK_END                   
20000200  __STACK_TOP                   
20000200  sysClkFreq                    
20000204  i                             
20000208  x1                            
2000020c  x2                            
20000210  x3                            
20000214  x4                            
20000218  check                         
ffffffff  __TI_pprof_out_hndl           
ffffffff  __TI_prof_data_size           
ffffffff  __TI_prof_data_start          
ffffffff  __binit__                     
ffffffff  __c_args__                    
ffffffff  binit                         
UNDEFED   __mpu_init                    
UNDEFED   _system_post_cinit            

[54 symbols]
